2026-01-03 23:37:53,564 [INFO] === START PIPER TTS ===
2026-01-03 23:37:53,564 [INFO] Loading voice model: models/ngocngan3701.onnx
2026-01-03 23:37:55,783 [INFO] Voice model loaded successfully
2026-01-03 23:37:55,783 [INFO] Sample rate: 22050 Hz
2026-01-03 23:37:55,783 [INFO] Text normalized (704 chars)
2026-01-03 23:37:55,784 [INFO] Synthesizing with chunking (704 chars)
2026-01-03 23:37:55,784 [INFO] Split into 5 chunks
2026-01-03 23:37:55,784 [INFO] Processing chunk 1/5
2026-01-03 23:37:55,784 [INFO] Synthesizing text (198 chars)
2026-01-03 23:37:55,784 [INFO] Synthesis completed in 0.00s (0 KB)
2026-01-03 23:37:55,894 [INFO] Processing chunk 2/5
2026-01-03 23:37:55,894 [INFO] Synthesizing text (170 chars)
2026-01-03 23:37:55,895 [INFO] Synthesis completed in 0.00s (0 KB)
2026-01-03 23:37:56,017 [INFO] Processing chunk 3/5
2026-01-03 23:37:56,017 [INFO] Synthesizing text (143 chars)
2026-01-03 23:37:56,018 [INFO] Synthesis completed in 0.00s (0 KB)
2026-01-03 23:37:56,135 [INFO] Processing chunk 4/5
2026-01-03 23:37:56,136 [INFO] Synthesizing text (130 chars)
2026-01-03 23:37:56,136 [INFO] Synthesis completed in 0.00s (0 KB)
2026-01-03 23:37:56,254 [INFO] Processing chunk 5/5
2026-01-03 23:37:56,254 [INFO] Synthesizing text (74 chars)
2026-01-03 23:37:56,255 [INFO] Synthesis completed in 0.00s (0 KB)
2026-01-03 23:37:56,272 [INFO] Concatenating 5 WAV files
2026-01-03 23:37:56,274 [INFO] Final WAV created: final_ngocngan.wav (0 KB)
2026-01-03 23:37:56,274 [INFO] Final WAV verified: 0 frames, 0.00 seconds
2026-01-03 23:37:56,307 [INFO] === SUCCESS ===
2026-01-03 23:37:56,307 [INFO] Output file: final_ngocngan.wav
