2026-01-05 11:24:19,336 [INFO] === START PIPER MULTI SUBPROCESS TEST ===
2026-01-05 11:24:19,336 [INFO] Split text into 4 chunks
2026-01-05 11:24:19,337 [INFO] START subprocess #0
2026-01-05 11:24:25,400 [INFO] END subprocess #0 | returncode=0 | time=6.06s
2026-01-05 11:24:25,400 [DEBUG] STDOUT #0:
/tmp/piper_chunks_91bsfrye/chunk_0.wav

2026-01-05 11:24:25,400 [WARNING] STDERR #0:
[2026-01-05 11:24:21.680] [piper] [info] Loaded voice in 2.309173435 second(s)
[2026-01-05 11:24:21.681] [piper] [info] Initialized piper
[2026-01-05 11:24:25.327] [piper] [info] Real-time factor: 0.2946294788330541 (infer=3.605356213 sec, audio=12.236916099773243 sec)
[2026-01-05 11:24:25.327] [piper] [info] Terminated piper

2026-01-05 11:24:25,400 [INFO] Chunk #0 OK (544 KB)
2026-01-05 11:24:25,401 [INFO] START subprocess #1
2026-01-05 11:24:31,033 [INFO] END subprocess #1 | returncode=0 | time=5.63s
2026-01-05 11:24:31,034 [DEBUG] STDOUT #1:
/tmp/piper_chunks_91bsfrye/chunk_1.wav

2026-01-05 11:24:31,034 [WARNING] STDERR #1:
[2026-01-05 11:24:27.850] [piper] [info] Loaded voice in 2.411809335 second(s)
[2026-01-05 11:24:27.851] [piper] [info] Initialized piper
[2026-01-05 11:24:30.953] [piper] [info] Real-time factor: 0.33418811331367926 (infer=3.084533552 sec, audio=9.229931972789116 sec)
[2026-01-05 11:24:30.954] [piper] [info] Terminated piper

2026-01-05 11:24:31,034 [INFO] Chunk #1 OK (423 KB)
2026-01-05 11:24:31,035 [INFO] START subprocess #2
2026-01-05 11:24:35,541 [INFO] END subprocess #2 | returncode=0 | time=4.51s
2026-01-05 11:24:35,541 [DEBUG] STDOUT #2:
/tmp/piper_chunks_91bsfrye/chunk_2.wav

2026-01-05 11:24:35,542 [WARNING] STDERR #2:
[2026-01-05 11:24:33.410] [piper] [info] Loaded voice in 2.321986063 second(s)
[2026-01-05 11:24:33.411] [piper] [info] Initialized piper
[2026-01-05 11:24:35.449] [piper] [info] Real-time factor: 0.3157275501903136 (infer=2.0050775649999997 sec, audio=6.350657596371882 sec)
[2026-01-05 11:24:35.449] [piper] [info] Terminated piper

2026-01-05 11:24:35,542 [INFO] Chunk #2 OK (290 KB)
2026-01-05 11:24:35,542 [INFO] START subprocess #3
2026-01-05 11:24:40,654 [INFO] END subprocess #3 | returncode=0 | time=5.11s
2026-01-05 11:24:40,654 [DEBUG] STDOUT #3:
/tmp/piper_chunks_91bsfrye/chunk_3.wav

2026-01-05 11:24:40,654 [WARNING] STDERR #3:
[2026-01-05 11:24:38.061] [piper] [info] Loaded voice in 2.463021263 second(s)
[2026-01-05 11:24:38.063] [piper] [info] Initialized piper
[2026-01-05 11:24:40.569] [piper] [info] Real-time factor: 0.33860724007886545 (infer=2.4884637659999997 sec, audio=7.349115646258504 sec)
[2026-01-05 11:24:40.569] [piper] [info] Terminated piper

2026-01-05 11:24:40,655 [INFO] Chunk #3 OK (333 KB)
2026-01-05 11:24:40,655 [INFO] Concatenating 4 wav files
2026-01-05 11:24:40,666 [DEBUG] Appended wav #0
2026-01-05 11:24:40,677 [DEBUG] Appended wav #1
2026-01-05 11:24:40,685 [DEBUG] Appended wav #2
2026-01-05 11:24:40,690 [DEBUG] Appended wav #3
2026-01-05 11:24:40,691 [INFO] FINAL WAV created: final_ngocngan.wav
2026-01-05 11:24:40,697 [INFO] Cleaned temp dir
2026-01-05 11:24:40,698 [INFO] === DONE ===
